
Allocating common symbols
Common symbol       size              file

arr                 0x8               app.o

Memory Configuration

Name             Origin             Length             Attributes
flash            0x08000000         0x00020000         xr
sram             0x20000000         0x00005000         xrw
*default*        0x00000000         0xffffffff

Linker script and memory map


.text           0x08000000      0x1d8
 *(.vectors*)
 .vectors       0x08000000       0x1c startup.o
                0x08000000                vector
 *(.text*)
 .text          0x0800001c       0xe8 app.o
                0x0800001c                main
 .text          0x08000104       0xd0 startup.o
                0x08000104                USAGEFAULT_HANDLER
                0x08000104                DEFAULT_HANDLER
                0x08000104                BUSFAULT_HANDLER
                0x08000104                HARDFAULT_HANDLER
                0x08000104                MEMMANAGE_HANDLER
                0x08000104                NMI_HANDLER
                0x08000110                RESET_HANDLER
 *(.rodata)
 .rodata        0x080001d4        0x4 app.o
                0x080001d4                R_ODR
                0x080001d8                _E_text = .

.glue_7         0x080001d8        0x0
 .glue_7        0x00000000        0x0 linker stubs

.glue_7t        0x080001d8        0x0
 .glue_7t       0x00000000        0x0 linker stubs

.vfp11_veneer   0x080001d8        0x0
 .vfp11_veneer  0x00000000        0x0 linker stubs

.v4_bx          0x080001d8        0x0
 .v4_bx         0x00000000        0x0 linker stubs

.iplt           0x080001d8        0x0
 .iplt          0x00000000        0x0 app.o

.rel.dyn        0x080001d8        0x0
 .rel.iplt      0x00000000        0x0 app.o

.data           0x20000000        0x4 load address 0x080001d8
                0x20000000                _S_data = .
 *(.data)
 .data          0x20000000        0x4 app.o
                0x20000000                i
 .data          0x20000004        0x0 startup.o
                0x20000004                _E_data = .

.igot.plt       0x20000004        0x0 load address 0x080001dc
 .igot.plt      0x00000000        0x0 app.o

.bss            0x20000004     0x1008 load address 0x080001dc
                0x20000004                _S_bss = .
 *(.bss)
 .bss           0x20000004        0x0 app.o
 .bss           0x20000004        0x0 startup.o
 *(COMMON)
 COMMON         0x20000004        0x8 app.o
                0x20000004                arr
                0x2000000c                _E_bss = .
                0x2000100c                . = (. + 0x1000)
 *fill*         0x2000000c     0x1000 
                0x2000100c                STACK_TOP = .
LOAD app.o
LOAD startup.o
OUTPUT(Toggle_led_cortexM3.elf elf32-littlearm)

.debug_info     0x00000000      0x2cf
 .debug_info    0x00000000      0x15b app.o
 .debug_info    0x0000015b      0x174 startup.o

.debug_abbrev   0x00000000      0x1be
 .debug_abbrev  0x00000000       0xfa app.o
 .debug_abbrev  0x000000fa       0xc4 startup.o

.debug_loc      0x00000000       0x90
 .debug_loc     0x00000000       0x2c app.o
 .debug_loc     0x0000002c       0x64 startup.o

.debug_aranges  0x00000000       0x40
 .debug_aranges
                0x00000000       0x20 app.o
 .debug_aranges
                0x00000020       0x20 startup.o

.debug_line     0x00000000      0x134
 .debug_line    0x00000000       0x9a app.o
 .debug_line    0x0000009a       0x9a startup.o

.debug_str      0x00000000      0x140
 .debug_str     0x00000000       0xba app.o
                                 0xf7 (size before relaxing)
 .debug_str     0x000000ba       0x86 startup.o
                                0x14a (size before relaxing)

.comment        0x00000000       0x11
 .comment       0x00000000       0x11 app.o
                                 0x12 (size before relaxing)
 .comment       0x00000000       0x12 startup.o

.ARM.attributes
                0x00000000       0x33
 .ARM.attributes
                0x00000000       0x33 app.o
 .ARM.attributes
                0x00000033       0x33 startup.o

.debug_frame    0x00000000       0x74
 .debug_frame   0x00000000       0x28 app.o
 .debug_frame   0x00000028       0x4c startup.o
