
Memory Configuration

Name             Origin             Length             Attributes
flash            0x00000000         0x00020000         xr
sram             0x20000000         0x00005000         xr
*default*        0x00000000         0xffffffff

Linker script and memory map


.text           0x00000000      0x190
 *(.vectors*)
 .vectors       0x00000000       0x14 startup.o
                0x00000000                vector
 *(.text*)
 .text          0x00000014       0xc8 main.o
                0x00000014                main
 .text          0x000000dc       0xb4 startup.o
                0x000000dc                Mmf
                0x000000dc                Hf
                0x000000dc                Default_handler
                0x000000dc                NMI
                0x000000e8                Reset
 *(.rodata)
                0x00000190                _E_TEXT = .

.glue_7         0x00000190        0x0
 .glue_7        0x00000000        0x0 linker stubs

.glue_7t        0x00000190        0x0
 .glue_7t       0x00000000        0x0 linker stubs

.vfp11_veneer   0x00000190        0x0
 .vfp11_veneer  0x00000000        0x0 linker stubs

.v4_bx          0x00000190        0x0
 .v4_bx         0x00000000        0x0 linker stubs

.iplt           0x00000190        0x0
 .iplt          0x00000000        0x0 main.o

.rel.dyn        0x00000190        0x0
 .rel.iplt      0x00000000        0x0 main.o

.data           0x20000000        0x0 load address 0x00000190
                0x20000000                _S_DATA = .
 *(.data*)
 .data          0x20000000        0x0 main.o
 .data          0x20000000        0x0 startup.o
                0x20000000                _E_DATA = .

.igot.plt       0x20000000        0x0 load address 0x00000190
 .igot.plt      0x00000000        0x0 main.o

.bss            0x20000000      0x400 load address 0x00000190
                0x20000000                _S_BSS = .
 *(.bss)
 .bss           0x20000000        0x0 main.o
 .bss           0x20000000      0x400 startup.o
 *(COMMON)
                0x20000400                _E_BSS = .
LOAD main.o
LOAD startup.o
OUTPUT(lab3_cortex-m4.elf elf32-littlearm)

.debug_info     0x00000000      0x1e8
 .debug_info    0x00000000       0x5f main.o
 .debug_info    0x0000005f      0x189 startup.o

.debug_abbrev   0x00000000      0x133
 .debug_abbrev  0x00000000       0x58 main.o
 .debug_abbrev  0x00000058       0xdb startup.o

.debug_loc      0x00000000       0x9c
 .debug_loc     0x00000000       0x38 main.o
 .debug_loc     0x00000038       0x64 startup.o

.debug_aranges  0x00000000       0x40
 .debug_aranges
                0x00000000       0x20 main.o
 .debug_aranges
                0x00000020       0x20 startup.o

.debug_line     0x00000000       0xff
 .debug_line    0x00000000       0x67 main.o
 .debug_line    0x00000067       0x98 startup.o

.debug_str      0x00000000      0x113
 .debug_str     0x00000000       0x44 main.o
                                 0x56 (size before relaxing)
 .debug_str     0x00000044       0xcf startup.o
                                0x13a (size before relaxing)

.comment        0x00000000       0x11
 .comment       0x00000000       0x11 main.o
                                 0x12 (size before relaxing)
 .comment       0x00000000       0x12 startup.o

.ARM.attributes
                0x00000000       0x33
 .ARM.attributes
                0x00000000       0x33 main.o
 .ARM.attributes
                0x00000033       0x33 startup.o

.debug_frame    0x00000000       0x78
 .debug_frame   0x00000000       0x2c main.o
 .debug_frame   0x0000002c       0x4c startup.o
